\BOOKMARK [0][-]{chapter.1}{\376\377\000G\000e\000n\000e\000r\000a\000l\000\040\000C\000o\000n\000t\000e\000x\000t}{}% 1
\BOOKMARK [1][-]{section*.1}{\376\377\000I\000n\000t\000r\000o\000d\000u\000c\000t\000i\000o\000n}{chapter.1}% 2
\BOOKMARK [1][-]{section.1.1}{\376\377\000H\000o\000s\000t\000\040\000O\000r\000g\000a\000n\000i\000z\000a\000t\000i\000o\000n}{chapter.1}% 3
\BOOKMARK [2][-]{subsection.1.1.1}{\376\377\000P\000r\000e\000s\000e\000n\000t\000a\000t\000i\000o\000n\000\040\000o\000f\000\040\000t\000h\000e\000\040\000H\000o\000s\000t\000\040\000C\000o\000m\000p\000a\000n\000y}{section.1.1}% 4
\BOOKMARK [2][-]{subsection.1.1.2}{\376\377\000A\000c\000t\000i\000v\000i\000t\000i\000e\000s\000\040\000a\000n\000d\000\040\000S\000e\000r\000v\000i\000c\000e\000s\000\040\000O\000f\000f\000e\000r\000e\000d}{section.1.1}% 5
\BOOKMARK [1][-]{section.1.2}{\376\377\000S\000t\000u\000d\000y\000\040\000o\000f\000\040\000t\000h\000e\000\040\000E\000x\000i\000s\000t\000i\000n\000g\000\040\000S\000i\000t\000u\000a\000t\000i\000o\000n}{chapter.1}% 6
\BOOKMARK [2][-]{subsection.1.2.1}{\376\377\000C\000u\000r\000r\000e\000n\000t\000\040\000A\000p\000p\000r\000o\000a\000c\000h}{section.1.2}% 7
\BOOKMARK [2][-]{subsection.1.2.2}{\376\377\000L\000i\000m\000i\000t\000a\000t\000i\000o\000n\000s\000\040\000a\000n\000d\000\040\000C\000h\000a\000l\000l\000e\000n\000g\000e\000s}{section.1.2}% 8
\BOOKMARK [2][-]{subsection.1.2.3}{\376\377\000P\000r\000o\000p\000o\000s\000e\000d\000\040\000S\000o\000l\000u\000t\000i\000o\000n}{section.1.2}% 9
\BOOKMARK [1][-]{section.1.3}{\376\377\000A\000g\000i\000l\000e\000\040\000M\000e\000t\000h\000o\000d\000o\000l\000o\000g\000y}{chapter.1}% 10
\BOOKMARK [2][-]{subsection.1.3.1}{\376\377\000A\000d\000o\000p\000t\000i\000n\000g\000\040\000S\000C\000R\000U\000M\000\040\000f\000o\000r\000\040\000A\000g\000i\000l\000e\000\040\000P\000r\000o\000j\000e\000c\000t\000\040\000D\000e\000v\000e\000l\000o\000p\000m\000e\000n\000t}{section.1.3}% 11
\BOOKMARK [2][-]{subsection.1.3.2}{\376\377\000I\000d\000e\000n\000t\000i\000f\000i\000c\000a\000t\000i\000o\000n\000\040\000o\000f\000\040\000t\000h\000e\000\040\000S\000c\000r\000u\000m\000\040\000T\000e\000a\000m}{section.1.3}% 12
\BOOKMARK [2][-]{subsection.1.3.3}{\376\377\000S\000c\000r\000u\000m\000\040\000E\000v\000e\000n\000t\000s}{section.1.3}% 13
\BOOKMARK [2][-]{subsection.1.3.4}{\376\377\000S\000c\000r\000u\000m\000\040\000L\000i\000f\000e\000c\000y\000c\000l\000e}{section.1.3}% 14
\BOOKMARK [1][-]{section.1.4}{\376\377\000M\000o\000d\000e\000l\000i\000n\000g\000\040\000l\000a\000n\000g\000u\000a\000g\000e\000\040\000`\000`\000U\000M\000L\000'\000'}{chapter.1}% 15
\BOOKMARK [1][-]{section.1.4}{\376\377\000C\000o\000n\000c\000l\000u\000s\000i\000o\000n}{chapter.1}% 16
\BOOKMARK [0][-]{chapter.2}{\376\377\000P\000r\000o\000j\000e\000c\000t\000\040\000P\000r\000e\000p\000a\000r\000a\000t\000i\000o\000n}{}% 17
\BOOKMARK [1][-]{section*.2}{\376\377\000I\000n\000t\000r\000o\000d\000u\000c\000t\000i\000o\000n}{chapter.2}% 18
\BOOKMARK [1][-]{section.2.1}{\376\377\000R\000e\000q\000u\000i\000r\000e\000m\000e\000n\000t\000\040\000C\000a\000p\000t\000u\000r\000e}{chapter.2}% 19
\BOOKMARK [2][-]{subsection.2.1.1}{\376\377\000R\000e\000q\000u\000i\000r\000e\000m\000e\000n\000t\000\040\000S\000p\000e\000c\000i\000f\000i\000c\000a\000t\000i\000o\000n\000s}{section.2.1}% 20
\BOOKMARK [2][-]{subsection.2.1.2}{\376\377\000M\000o\000d\000e\000l\000i\000n\000g\000\040\000R\000e\000q\000u\000i\000r\000e\000m\000e\000n\000t\000s}{section.2.1}% 21
\BOOKMARK [1][-]{section.2.2}{\376\377\000G\000l\000o\000b\000a\000l\000\040\000U\000s\000e\000\040\000C\000a\000s\000e\000\040\000D\000i\000a\000g\000r\000a\000m}{chapter.2}% 22
\BOOKMARK [1][-]{section.2.3}{\376\377\000P\000r\000o\000j\000e\000c\000t\000\040\000M\000a\000n\000a\000g\000e\000m\000e\000n\000t\000\040\000w\000i\000t\000h\000\040\000S\000c\000r\000u\000m}{chapter.2}% 23
\BOOKMARK [2][-]{subsection.2.3.1}{\376\377\000T\000e\000a\000m\000\040\000a\000n\000d\000\040\000R\000o\000l\000e\000s}{section.2.3}% 24
\BOOKMARK [2][-]{subsection.2.3.2}{\376\377\000P\000r\000o\000d\000u\000c\000t\000\040\000B\000a\000c\000k\000l\000o\000g}{section.2.3}% 25
\BOOKMARK [2][-]{subsection.2.3.3}{\376\377\000D\000e\000t\000a\000i\000l\000e\000d\000\040\000S\000p\000r\000i\000n\000t\000\040\000P\000l\000a\000n\000n\000i\000n\000g\000\040\000a\000n\000d\000\040\000R\000e\000s\000o\000u\000r\000c\000e\000\040\000A\000l\000l\000o\000c\000a\000t\000i\000o\000n\000\040\000T\000a\000b\000l\000e}{section.2.3}% 26
\BOOKMARK [1][-]{section.2.4}{\376\377\000W\000o\000r\000k\000\040\000E\000n\000v\000i\000r\000o\000n\000m\000e\000n\000t}{chapter.2}% 27
\BOOKMARK [2][-]{subsection.2.4.1}{\376\377\000H\000a\000r\000d\000w\000a\000r\000e\000\040\000E\000n\000v\000i\000r\000o\000n\000m\000e\000n\000t}{section.2.4}% 28
\BOOKMARK [2][-]{subsection.2.4.2}{\376\377\000S\000o\000f\000t\000w\000a\000r\000e\000\040\000E\000n\000v\000i\000r\000o\000n\000m\000e\000n\000t}{section.2.4}% 29
\BOOKMARK [1][-]{section.2.5}{\376\377\000A\000r\000c\000h\000i\000t\000e\000c\000t\000u\000r\000e}{chapter.2}% 30
\BOOKMARK [2][-]{subsection.2.5.1}{\376\377\000S\000y\000s\000t\000e\000m\000\040\000A\000r\000c\000h\000i\000t\000e\000c\000t\000u\000r\000e}{section.2.5}% 31
\BOOKMARK [2][-]{subsection.2.5.2}{\376\377\000A\000p\000p\000l\000i\000c\000a\000t\000i\000o\000n\000\040\000A\000r\000c\000h\000i\000t\000e\000c\000t\000u\000r\000e}{section.2.5}% 32
\BOOKMARK [1][-]{figure.2.3}{\376\377\000C\000o\000n\000c\000l\000u\000s\000i\000o\000n}{chapter.2}% 33
\BOOKMARK [0][-]{chapter.3}{\376\377\000S\000t\000a\000t\000e\000\040\000o\000f\000\040\000t\000h\000e\000\040\000A\000r\000t\000\040\000a\000n\000d\000\040\000T\000e\000c\000h\000n\000o\000l\000o\000g\000i\000c\000a\000l\000\040\000C\000h\000o\000i\000c\000e\000s}{}% 34
\BOOKMARK [1][-]{section*.3}{\376\377\000I\000n\000t\000r\000o\000d\000u\000c\000t\000i\000o\000n}{chapter.3}% 35
\BOOKMARK [1][-]{section.3.1}{\376\377\000T\000h\000e\000\040\000A\000I\000\040\000C\000o\000n\000v\000e\000r\000s\000a\000t\000i\000o\000n\000a\000l\000\040\000A\000s\000s\000i\000s\000t\000a\000n\000t}{chapter.3}% 36
\BOOKMARK [2][-]{subsection.3.1.1}{\376\377\000L\000a\000r\000g\000e\000\040\000L\000a\000n\000g\000u\000a\000g\000e\000\040\000M\000o\000d\000e\000l\000s\000\040\000\050\000L\000L\000M\000s\000\051}{section.3.1}% 37
\BOOKMARK [2][-]{subsection.3.1.2}{\376\377\000A\000I\000\040\000S\000e\000m\000a\000n\000t\000i\000c\000\040\000S\000e\000a\000r\000c\000h\000\040\000\046\000\040\000E\000m\000b\000e\000d\000d\000i\000n\000g\000\040\000M\000o\000d\000e\000l\000s}{section.3.1}% 38
\BOOKMARK [2][-]{subsection.3.1.3}{\376\377\000R\000e\000t\000r\000i\000e\000v\000a\000l\000-\000A\000u\000g\000m\000e\000n\000t\000e\000d\000\040\000G\000e\000n\000e\000r\000a\000t\000i\000o\000n\000\040\000\050\000R\000A\000G\000\051}{section.3.1}% 39
\BOOKMARK [1][-]{section.3.2}{\376\377\000W\000o\000r\000k\000f\000l\000o\000w\000\040\000O\000r\000c\000h\000e\000s\000t\000r\000a\000t\000i\000o\000n}{chapter.3}% 40
\BOOKMARK [2][-]{subsection.3.2.1}{\376\377\000C\000o\000m\000p\000a\000r\000a\000t\000i\000v\000e\000\040\000A\000n\000a\000l\000y\000s\000i\000s\000\040\000o\000f\000\040\000O\000r\000c\000h\000e\000s\000t\000r\000a\000t\000i\000o\000n\000\040\000P\000l\000a\000t\000f\000o\000r\000m\000s}{section.3.2}% 41
\BOOKMARK [1][-]{section.3.3}{\376\377\000S\000o\000f\000t\000w\000a\000r\000e\000\040\000D\000e\000v\000e\000l\000o\000p\000m\000e\000n\000t\000\040\000S\000t\000a\000c\000k}{chapter.3}% 42
\BOOKMARK [2][-]{subsection.3.3.1}{\376\377\000D\000a\000t\000a\000b\000a\000s\000e\000\040\000P\000e\000r\000s\000i\000s\000t\000e\000n\000c\000e}{section.3.3}% 43
\BOOKMARK [2][-]{subsection.3.3.2}{\376\377\000F\000r\000o\000n\000t\000e\000n\000d\000\040\000F\000r\000a\000m\000e\000w\000o\000r\000k\000s}{section.3.3}% 44
\BOOKMARK [2][-]{subsection.3.3.3}{\376\377\000B\000a\000c\000k\000e\000n\000d\000\040\000F\000r\000a\000m\000e\000w\000o\000r\000k\000s}{section.3.3}% 45
\BOOKMARK [1][-]{table.3.5}{\376\377\000C\000o\000n\000c\000l\000u\000s\000i\000o\000n}{chapter.3}% 46
\BOOKMARK [0][-]{chapter.4}{\376\377\000S\000p\000r\000i\000n\000t\000\040\0001\000\040\000-\000\040\000U\000s\000e\000r\000\040\000A\000u\000t\000h\000e\000n\000t\000i\000c\000a\000t\000i\000o\000n\000\040\000\046\000\040\000P\000l\000a\000t\000f\000o\000r\000m\000\040\000H\000i\000e\000r\000a\000r\000c\000h\000y}{}% 47
\BOOKMARK [1][-]{section*.4}{\376\377\000I\000n\000t\000r\000o\000d\000u\000c\000t\000i\000o\000n}{chapter.4}% 48
\BOOKMARK [1][-]{section.4.1}{\376\377\000R\000e\000q\000u\000i\000r\000e\000m\000e\000n\000t\000\040\000S\000p\000e\000c\000i\000f\000i\000c\000a\000t\000i\000o\000n\000s}{chapter.4}% 49
\BOOKMARK [2][-]{subsection.4.1.1}{\376\377\000S\000p\000r\000i\000n\000t\000\040\000B\000a\000c\000k\000l\000o\000g}{section.4.1}% 50
\BOOKMARK [2][-]{subsection.4.1.2}{\376\377\000U\000s\000e\000\040\000C\000a\000s\000e\000\040\000D\000i\000a\000g\000r\000a\000m}{section.4.1}% 51
\BOOKMARK [2][-]{subsection.4.1.3}{\376\377\000C\000l\000a\000s\000s\000\040\000D\000i\000a\000g\000r\000a\000m}{section.4.1}% 52
\BOOKMARK [2][-]{subsection.4.1.4}{\376\377\000T\000e\000x\000t\000u\000a\000l\000\040\000D\000e\000s\000c\000r\000i\000p\000t\000i\000o\000n\000\040\000o\000f\000\040\000U\000s\000e\000\040\000C\000a\000s\000e\000s}{section.4.1}% 53
\BOOKMARK [2][-]{subsection.4.1.5}{\376\377\000D\000e\000t\000a\000i\000l\000e\000d\000\040\000S\000e\000q\000u\000e\000n\000c\000e\000\040\000D\000i\000a\000g\000r\000a\000m\000s}{section.4.1}% 54
\BOOKMARK [1][-]{section.4.2}{\376\377\000I\000m\000p\000l\000e\000m\000e\000n\000t\000a\000t\000i\000o\000n}{chapter.4}% 55
\BOOKMARK [2][-]{subsection.4.2.1}{\376\377\000A\000u\000t\000h\000e\000n\000t\000i\000c\000a\000t\000i\000o\000n\000\040\000I\000n\000t\000e\000r\000f\000a\000c\000e\000s}{section.4.2}% 56
\BOOKMARK [2][-]{subsection.4.2.2}{\376\377\000A\000d\000m\000i\000n\000\040\000U\000s\000e\000r\000\040\000M\000a\000n\000a\000g\000e\000m\000e\000n\000t\000\040\000D\000a\000s\000h\000b\000o\000a\000r\000d}{section.4.2}% 57
\BOOKMARK [1][-]{figure.4.12}{\376\377\000C\000o\000n\000c\000l\000u\000s\000i\000o\000n}{chapter.4}% 58
\BOOKMARK [0][-]{chapter.5}{\376\377\000S\000p\000r\000i\000n\000t\000\040\0002\000\040\000-\000\040\000P\000r\000o\000p\000e\000r\000t\000y\000\040\000M\000a\000n\000a\000g\000e\000m\000e\000n\000t\000\040\000\046\000\040\000C\000a\000t\000a\000l\000o\000g\000\040\000D\000i\000s\000c\000o\000v\000e\000r\000y}{}% 59
\BOOKMARK [1][-]{section*.5}{\376\377\000I\000n\000t\000r\000o\000d\000u\000c\000t\000i\000o\000n}{chapter.5}% 60
\BOOKMARK [1][-]{section.5.1}{\376\377\000R\000e\000q\000u\000i\000r\000e\000m\000e\000n\000t\000\040\000S\000p\000e\000c\000i\000f\000i\000c\000a\000t\000i\000o\000n\000s}{chapter.5}% 61
\BOOKMARK [2][-]{subsection.5.1.1}{\376\377\000S\000p\000r\000i\000n\000t\000\040\000B\000a\000c\000k\000l\000o\000g}{section.5.1}% 62
\BOOKMARK [2][-]{subsection.5.1.2}{\376\377\000U\000s\000e\000\040\000C\000a\000s\000e\000\040\000D\000i\000a\000g\000r\000a\000m}{section.5.1}% 63
\BOOKMARK [2][-]{subsection.5.1.3}{\376\377\000C\000l\000a\000s\000s\000\040\000D\000i\000a\000g\000r\000a\000m}{section.5.1}% 64
\BOOKMARK [2][-]{subsection.5.1.4}{\376\377\000T\000e\000x\000t\000u\000a\000l\000\040\000D\000e\000s\000c\000r\000i\000p\000t\000i\000o\000n\000\040\000o\000f\000\040\000U\000s\000e\000\040\000C\000a\000s\000e\000s}{section.5.1}% 65
\BOOKMARK [2][-]{subsection.5.1.5}{\376\377\000D\000e\000t\000a\000i\000l\000e\000d\000\040\000S\000e\000q\000u\000e\000n\000c\000e\000\040\000D\000i\000a\000g\000r\000a\000m\000s}{section.5.1}% 66
\BOOKMARK [1][-]{section.5.2}{\376\377\000I\000m\000p\000l\000e\000m\000e\000n\000t\000a\000t\000i\000o\000n}{chapter.5}% 67
\BOOKMARK [2][-]{subsection.5.2.1}{\376\377\000A\000g\000e\000n\000c\000y\000\040\000P\000r\000o\000p\000e\000r\000t\000y\000\040\000M\000a\000n\000a\000g\000e\000m\000e\000n\000t\000\040\000D\000a\000s\000h\000b\000o\000a\000r\000d}{section.5.2}% 68
\BOOKMARK [2][-]{subsection.5.2.2}{\376\377\000P\000u\000b\000l\000i\000c\000\040\000P\000r\000o\000p\000e\000r\000t\000y\000\040\000C\000a\000t\000a\000l\000o\000g}{section.5.2}% 69
\BOOKMARK [2][-]{subsection.5.2.3}{\376\377\000P\000r\000o\000p\000e\000r\000t\000y\000\040\000D\000e\000t\000a\000i\000l\000\040\000P\000a\000g\000e\000\040\000w\000i\000t\000h\000\040\000L\000e\000a\000f\000l\000e\000t\000\040\000M\000a\000p}{section.5.2}% 70
\BOOKMARK [1][-]{figure.5.10}{\376\377\000C\000o\000n\000c\000l\000u\000s\000i\000o\000n}{chapter.5}% 71
\BOOKMARK [0][-]{chapter.6}{\376\377\000S\000p\000r\000i\000n\000t\000\040\0003\000\040\000-\000\040\000A\000I\000\040\000I\000n\000t\000e\000l\000l\000i\000g\000e\000n\000c\000e\000,\000\040\000T\000A\000I\000A\000\040\000\046\000\040\000V\000i\000s\000i\000t\000\040\000M\000a\000n\000a\000g\000e\000m\000e\000n\000t}{}% 72
\BOOKMARK [1][-]{section*.6}{\376\377\000I\000n\000t\000r\000o\000d\000u\000c\000t\000i\000o\000n}{chapter.6}% 73
\BOOKMARK [1][-]{section.6.1}{\376\377\000R\000e\000q\000u\000i\000r\000e\000m\000e\000n\000t\000\040\000S\000p\000e\000c\000i\000f\000i\000c\000a\000t\000i\000o\000n\000s}{chapter.6}% 74
\BOOKMARK [2][-]{subsection.6.1.1}{\376\377\000S\000p\000r\000i\000n\000t\000\040\000B\000a\000c\000k\000l\000o\000g}{section.6.1}% 75
\BOOKMARK [2][-]{subsection.6.1.2}{\376\377\000U\000s\000e\000\040\000C\000a\000s\000e\000\040\000D\000i\000a\000g\000r\000a\000m}{section.6.1}% 76
\BOOKMARK [2][-]{subsection.6.1.3}{\376\377\000C\000l\000a\000s\000s\000\040\000D\000i\000a\000g\000r\000a\000m}{section.6.1}% 77
\BOOKMARK [2][-]{subsection.6.1.4}{\376\377\000T\000e\000x\000t\000u\000a\000l\000\040\000D\000e\000s\000c\000r\000i\000p\000t\000i\000o\000n\000\040\000o\000f\000\040\000U\000s\000e\000\040\000C\000a\000s\000e\000s}{section.6.1}% 78
\BOOKMARK [2][-]{subsection.6.1.5}{\376\377\000D\000e\000t\000a\000i\000l\000e\000d\000\040\000S\000e\000q\000u\000e\000n\000c\000e\000\040\000D\000i\000a\000g\000r\000a\000m\000s}{section.6.1}% 79
\BOOKMARK [1][-]{section.6.2}{\376\377\000I\000m\000p\000l\000e\000m\000e\000n\000t\000a\000t\000i\000o\000n}{chapter.6}% 80
\BOOKMARK [2][-]{subsection.6.2.1}{\376\377\000T\000A\000I\000A\000\040\000W\000e\000b\000\040\000I\000n\000t\000e\000r\000f\000a\000c\000e\000\040\000a\000n\000d\000\040\000P\000a\000i\000r\000i\000n\000g\000\040\000F\000l\000o\000w}{section.6.2}% 81
\BOOKMARK [2][-]{subsection.6.2.2}{\376\377\000S\000u\000b\000-\000A\000g\000e\000n\000t\000\040\000V\000i\000s\000i\000t\000s\000\040\000D\000a\000s\000h\000b\000o\000a\000r\000d}{section.6.2}% 82
\BOOKMARK [1][-]{figure.6.10}{\376\377\000C\000o\000n\000c\000l\000u\000s\000i\000o\000n}{chapter.6}% 83
\BOOKMARK [0][-]{chapter.7}{\376\377\000S\000p\000r\000i\000n\000t\000\040\0004\000\040\000-\000\040\000N\000o\000t\000i\000f\000i\000c\000a\000t\000i\000o\000n\000s\000,\000\040\000A\000n\000a\000l\000y\000t\000i\000c\000s\000\040\000\046\000\040\000F\000i\000n\000a\000l\000i\000z\000a\000t\000i\000o\000n}{}% 84
\BOOKMARK [1][-]{section*.7}{\376\377\000I\000n\000t\000r\000o\000d\000u\000c\000t\000i\000o\000n}{chapter.7}% 85
\BOOKMARK [1][-]{section.7.1}{\376\377\000R\000e\000q\000u\000i\000r\000e\000m\000e\000n\000t\000\040\000S\000p\000e\000c\000i\000f\000i\000c\000a\000t\000i\000o\000n\000s}{chapter.7}% 86
\BOOKMARK [2][-]{subsection.7.1.1}{\376\377\000S\000p\000r\000i\000n\000t\000\040\000B\000a\000c\000k\000l\000o\000g}{section.7.1}% 87
\BOOKMARK [2][-]{subsection.7.1.2}{\376\377\000U\000s\000e\000\040\000C\000a\000s\000e\000\040\000D\000i\000a\000g\000r\000a\000m}{section.7.1}% 88
\BOOKMARK [2][-]{subsection.7.1.3}{\376\377\000C\000l\000a\000s\000s\000\040\000D\000i\000a\000g\000r\000a\000m}{section.7.1}% 89
\BOOKMARK [2][-]{subsection.7.1.4}{\376\377\000T\000e\000x\000t\000u\000a\000l\000\040\000D\000e\000s\000c\000r\000i\000p\000t\000i\000o\000n\000\040\000o\000f\000\040\000U\000s\000e\000\040\000C\000a\000s\000e\000s}{section.7.1}% 90
\BOOKMARK [2][-]{subsection.7.1.5}{\376\377\000D\000e\000t\000a\000i\000l\000e\000d\000\040\000S\000e\000q\000u\000e\000n\000c\000e\000\040\000D\000i\000a\000g\000r\000a\000m\000s}{section.7.1}% 91
\BOOKMARK [1][-]{section.7.2}{\376\377\000I\000m\000p\000l\000e\000m\000e\000n\000t\000a\000t\000i\000o\000n}{chapter.7}% 92
\BOOKMARK [2][-]{subsection.7.2.1}{\376\377\000A\000u\000t\000o\000m\000a\000t\000e\000d\000\040\000N\000o\000t\000i\000f\000i\000c\000a\000t\000i\000o\000n\000\040\000S\000y\000s\000t\000e\000m}{section.7.2}% 93
\BOOKMARK [2][-]{subsection.7.2.2}{\376\377\000H\000e\000a\000d\000-\000A\000g\000e\000n\000t\000\040\000C\000a\000l\000e\000n\000d\000a\000r\000s\000\040\000a\000n\000d\000\040\000A\000n\000a\000l\000y\000t\000i\000c\000s\000\040\000D\000a\000s\000h\000b\000o\000a\000r\000d}{section.7.2}% 94
\BOOKMARK [2][-]{subsection.7.2.3}{\376\377\000T\000r\000a\000n\000s\000a\000c\000t\000i\000o\000n\000\040\000F\000i\000n\000a\000l\000i\000z\000a\000t\000i\000o\000n\000\040\000I\000n\000t\000e\000r\000f\000a\000c\000e}{section.7.2}% 95
\BOOKMARK [2][-]{subsection.7.2.4}{\376\377\000A\000d\000m\000i\000n\000\040\000G\000l\000o\000b\000a\000l\000\040\000A\000n\000a\000l\000y\000t\000i\000c\000s\000\040\000D\000a\000s\000h\000b\000o\000a\000r\000d}{section.7.2}% 96
\BOOKMARK [1][-]{figure.7.14}{\376\377\000C\000o\000n\000c\000l\000u\000s\000i\000o\000n}{chapter.7}% 97
